6
The arguments for ADD must be of register type.
