2
REF: The first agument must be a stack address and the second argument must be a stack symbol.
